============================= test session starts ==============================
platform linux -- Python 3.12.3, pytest-9.0.3, pluggy-1.6.0
rootdir: /home/siddy/elemm/ai_landmarks_pkg
configfile: pyproject.toml
plugins: anyio-4.13.0
collected 2 items

tests/test_internal_security.py FDEBUG RESPONSE: {'detail': 'Not Found'}
F

=================================== FAILURES ===================================
_________________________ test_internal_all_protection _________________________

    def test_internal_all_protection():
        app = FastAPI()
        # Configure with a secret key
        ai = Elemm(agent_welcome="W", internal_access_key="top-secret")
    
        @app.get("/secret")
        @ai.tool(id="hidden_tool", hidden=True)
        def secret_op(): return {}
    
        ai.bind_to_app(app)
        client = TestClient(app)
    
        # 1. Access without key -> should NOT see hidden tool
        resp = client.get("/.well-known/llm-landmarks.json?group=_INTERNAL_ALL_")
>       action_ids = [a["id"] for a in resp.json()["actions"]]
                                       ^^^^^^^^^^^^^^^^^^^^^^
E       KeyError: 'actions'

tests/test_internal_security.py:20: KeyError
____________________ test_internal_all_disabled_by_default _____________________

    def test_internal_all_disabled_by_default():
        app = FastAPI()
        # No key configured
        ai = Elemm(agent_welcome="W")
    
        @app.get("/secret")
        @ai.tool(id="hidden_tool", hidden=True)
        def secret_op(): return {}
    
        ai.bind_to_app(app)
        client = TestClient(app)
    
        # Even if we "try" a key, if none is configured, it stays closed
        resp = client.get("/.well-known/llm-landmarks.json?group=_INTERNAL_ALL_", headers={"X-Elemm-Internal-Key": "any"})
        print(f"DEBUG RESPONSE: {resp.json()}")
>       action_ids = [a["id"] for a in resp.json()["actions"]]
                                       ^^^^^^^^^^^^^^^^^^^^^^
E       KeyError: 'actions'

tests/test_internal_security.py:48: KeyError
=========================== short test summary info ============================
FAILED tests/test_internal_security.py::test_internal_all_protection - KeyErr...
FAILED tests/test_internal_security.py::test_internal_all_disabled_by_default
============================== 2 failed in 0.32s ===============================
